------------------------------------------------------------
TimeQuest Timing Analyzer Summary
------------------------------------------------------------

Type  : Slow 1100mV 85C Model Setup 'CLK'
Slack : -1.034
TNS   : -12.696

Type  : Slow 1100mV 85C Model Hold 'CLK'
Slack : 0.329
TNS   : 0.000

Type  : Slow 1100mV 85C Model Recovery 'CLK'
Slack : -0.866
TNS   : -10.470

Type  : Slow 1100mV 85C Model Removal 'CLK'
Slack : 0.954
TNS   : 0.000

Type  : Slow 1100mV 85C Model Minimum Pulse Width 'CLK'
Slack : -0.538
TNS   : -16.976

Type  : Slow 1100mV 0C Model Setup 'CLK'
Slack : -1.124
TNS   : -12.223

Type  : Slow 1100mV 0C Model Hold 'CLK'
Slack : 0.307
TNS   : 0.000

Type  : Slow 1100mV 0C Model Recovery 'CLK'
Slack : -0.833
TNS   : -9.746

Type  : Slow 1100mV 0C Model Removal 'CLK'
Slack : 0.886
TNS   : 0.000

Type  : Slow 1100mV 0C Model Minimum Pulse Width 'CLK'
Slack : -0.538
TNS   : -16.690

Type  : Fast 1100mV 85C Model Setup 'CLK'
Slack : 0.067
TNS   : 0.000

Type  : Fast 1100mV 85C Model Hold 'CLK'
Slack : 0.176
TNS   : 0.000

Type  : Fast 1100mV 85C Model Recovery 'CLK'
Slack : 0.187
TNS   : 0.000

Type  : Fast 1100mV 85C Model Removal 'CLK'
Slack : 0.440
TNS   : 0.000

Type  : Fast 1100mV 85C Model Minimum Pulse Width 'CLK'
Slack : -0.268
TNS   : -5.667

Type  : Fast 1100mV 0C Model Setup 'CLK'
Slack : 0.112
TNS   : 0.000

Type  : Fast 1100mV 0C Model Hold 'CLK'
Slack : 0.159
TNS   : 0.000

Type  : Fast 1100mV 0C Model Recovery 'CLK'
Slack : 0.241
TNS   : 0.000

Type  : Fast 1100mV 0C Model Removal 'CLK'
Slack : 0.399
TNS   : 0.000

Type  : Fast 1100mV 0C Model Minimum Pulse Width 'CLK'
Slack : -0.264
TNS   : -5.577

------------------------------------------------------------
