------------------------------------------------------------
TimeQuest Timing Analyzer Summary
------------------------------------------------------------

Type  : Slow 1100mV 85C Model Setup 'CLK'
Slack : -1.157
TNS   : -12.574

Type  : Slow 1100mV 85C Model Hold 'CLK'
Slack : 0.334
TNS   : 0.000

Type  : Slow 1100mV 85C Model Recovery 'CLK'
Slack : -0.824
TNS   : -7.210

Type  : Slow 1100mV 85C Model Removal 'CLK'
Slack : 0.791
TNS   : 0.000

Type  : Slow 1100mV 85C Model Minimum Pulse Width 'CLK'
Slack : -0.538
TNS   : -15.355

Type  : Slow 1100mV 0C Model Setup 'CLK'
Slack : -1.228
TNS   : -12.220

Type  : Slow 1100mV 0C Model Hold 'CLK'
Slack : 0.316
TNS   : 0.000

Type  : Slow 1100mV 0C Model Recovery 'CLK'
Slack : -0.827
TNS   : -6.972

Type  : Slow 1100mV 0C Model Removal 'CLK'
Slack : 0.740
TNS   : 0.000

Type  : Slow 1100mV 0C Model Minimum Pulse Width 'CLK'
Slack : -0.538
TNS   : -15.107

Type  : Fast 1100mV 85C Model Setup 'CLK'
Slack : -0.003
TNS   : -0.003

Type  : Fast 1100mV 85C Model Hold 'CLK'
Slack : 0.173
TNS   : 0.000

Type  : Fast 1100mV 85C Model Recovery 'CLK'
Slack : 0.170
TNS   : 0.000

Type  : Fast 1100mV 85C Model Removal 'CLK'
Slack : 0.356
TNS   : 0.000

Type  : Fast 1100mV 85C Model Minimum Pulse Width 'CLK'
Slack : -0.270
TNS   : -5.170

Type  : Fast 1100mV 0C Model Setup 'CLK'
Slack : 0.047
TNS   : 0.000

Type  : Fast 1100mV 0C Model Hold 'CLK'
Slack : 0.157
TNS   : 0.000

Type  : Fast 1100mV 0C Model Recovery 'CLK'
Slack : 0.222
TNS   : 0.000

Type  : Fast 1100mV 0C Model Removal 'CLK'
Slack : 0.323
TNS   : 0.000

Type  : Fast 1100mV 0C Model Minimum Pulse Width 'CLK'
Slack : -0.264
TNS   : -5.047

------------------------------------------------------------
