------------------------------------------------------------
TimeQuest Timing Analyzer Summary
------------------------------------------------------------

Type  : Slow 1100mV 85C Model Setup 'clock'
Slack : -4.770
TNS   : -126.984

Type  : Slow 1100mV 85C Model Setup 'print_escreve_campo_uc:U1|Sreg.escreve_memoria'
Slack : -4.502
TNS   : -53.871

Type  : Slow 1100mV 85C Model Hold 'clock'
Slack : 0.016
TNS   : 0.000

Type  : Slow 1100mV 85C Model Hold 'print_escreve_campo_uc:U1|Sreg.escreve_memoria'
Slack : 3.043
TNS   : 0.000

Type  : Slow 1100mV 85C Model Recovery 'clock'
Slack : -0.852
TNS   : -23.042

Type  : Slow 1100mV 85C Model Removal 'clock'
Slack : 0.702
TNS   : 0.000

Type  : Slow 1100mV 85C Model Minimum Pulse Width 'clock'
Slack : -2.636
TNS   : -74.198

Type  : Slow 1100mV 85C Model Minimum Pulse Width 'print_escreve_campo_uc:U1|Sreg.escreve_memoria'
Slack : -2.636
TNS   : -55.460

Type  : Slow 1100mV 0C Model Setup 'clock'
Slack : -4.837
TNS   : -126.417

Type  : Slow 1100mV 0C Model Setup 'print_escreve_campo_uc:U1|Sreg.escreve_memoria'
Slack : -4.505
TNS   : -54.243

Type  : Slow 1100mV 0C Model Hold 'clock'
Slack : -0.050
TNS   : -0.098

Type  : Slow 1100mV 0C Model Hold 'print_escreve_campo_uc:U1|Sreg.escreve_memoria'
Slack : 3.143
TNS   : 0.000

Type  : Slow 1100mV 0C Model Recovery 'clock'
Slack : -0.749
TNS   : -20.814

Type  : Slow 1100mV 0C Model Removal 'clock'
Slack : 0.652
TNS   : 0.000

Type  : Slow 1100mV 0C Model Minimum Pulse Width 'clock'
Slack : -2.636
TNS   : -75.606

Type  : Slow 1100mV 0C Model Minimum Pulse Width 'print_escreve_campo_uc:U1|Sreg.escreve_memoria'
Slack : -2.636
TNS   : -55.145

Type  : Fast 1100mV 85C Model Setup 'clock'
Slack : -2.213
TNS   : -44.369

Type  : Fast 1100mV 85C Model Setup 'print_escreve_campo_uc:U1|Sreg.escreve_memoria'
Slack : -2.051
TNS   : -25.388

Type  : Fast 1100mV 85C Model Hold 'clock'
Slack : -0.172
TNS   : -0.172

Type  : Fast 1100mV 85C Model Hold 'print_escreve_campo_uc:U1|Sreg.escreve_memoria'
Slack : 1.712
TNS   : 0.000

Type  : Fast 1100mV 85C Model Recovery 'clock'
Slack : 0.001
TNS   : 0.000

Type  : Fast 1100mV 85C Model Removal 'clock'
Slack : 0.306
TNS   : 0.000

Type  : Fast 1100mV 85C Model Minimum Pulse Width 'print_escreve_campo_uc:U1|Sreg.escreve_memoria'
Slack : -2.174
TNS   : -40.237

Type  : Fast 1100mV 85C Model Minimum Pulse Width 'clock'
Slack : -2.174
TNS   : -30.151

Type  : Fast 1100mV 0C Model Setup 'clock'
Slack : -2.000
TNS   : -37.436

Type  : Fast 1100mV 0C Model Setup 'print_escreve_campo_uc:U1|Sreg.escreve_memoria'
Slack : -1.983
TNS   : -24.556

Type  : Fast 1100mV 0C Model Hold 'clock'
Slack : -0.238
TNS   : -0.307

Type  : Fast 1100mV 0C Model Hold 'print_escreve_campo_uc:U1|Sreg.escreve_memoria'
Slack : 1.685
TNS   : 0.000

Type  : Fast 1100mV 0C Model Recovery 'clock'
Slack : 0.074
TNS   : 0.000

Type  : Fast 1100mV 0C Model Removal 'clock'
Slack : 0.276
TNS   : 0.000

Type  : Fast 1100mV 0C Model Minimum Pulse Width 'print_escreve_campo_uc:U1|Sreg.escreve_memoria'
Slack : -2.174
TNS   : -40.149

Type  : Fast 1100mV 0C Model Minimum Pulse Width 'clock'
Slack : -2.174
TNS   : -30.404

------------------------------------------------------------
