------------------------------------------------------------
TimeQuest Timing Analyzer Summary
------------------------------------------------------------

Type  : Slow 1100mV 85C Model Setup 'clock'
Slack : -1.502
TNS   : -33.437

Type  : Slow 1100mV 85C Model Hold 'clock'
Slack : 0.337
TNS   : 0.000

Type  : Slow 1100mV 85C Model Recovery 'clock'
Slack : -0.309
TNS   : -3.976

Type  : Slow 1100mV 85C Model Removal 'clock'
Slack : 0.740
TNS   : 0.000

Type  : Slow 1100mV 85C Model Minimum Pulse Width 'clock'
Slack : -0.538
TNS   : -24.018

Type  : Slow 1100mV 0C Model Setup 'clock'
Slack : -1.424
TNS   : -33.685

Type  : Slow 1100mV 0C Model Hold 'clock'
Slack : 0.317
TNS   : 0.000

Type  : Slow 1100mV 0C Model Recovery 'clock'
Slack : -0.253
TNS   : -3.293

Type  : Slow 1100mV 0C Model Removal 'clock'
Slack : 0.701
TNS   : 0.000

Type  : Slow 1100mV 0C Model Minimum Pulse Width 'clock'
Slack : -0.538
TNS   : -24.245

Type  : Fast 1100mV 85C Model Setup 'clock'
Slack : -0.339
TNS   : -2.554

Type  : Fast 1100mV 85C Model Hold 'clock'
Slack : 0.179
TNS   : 0.000

Type  : Fast 1100mV 85C Model Recovery 'clock'
Slack : 0.390
TNS   : 0.000

Type  : Fast 1100mV 85C Model Removal 'clock'
Slack : 0.343
TNS   : 0.000

Type  : Fast 1100mV 85C Model Minimum Pulse Width 'clock'
Slack : -0.101
TNS   : -3.036

Type  : Fast 1100mV 0C Model Setup 'clock'
Slack : -0.182
TNS   : -1.202

Type  : Fast 1100mV 0C Model Hold 'clock'
Slack : 0.160
TNS   : 0.000

Type  : Fast 1100mV 0C Model Recovery 'clock'
Slack : 0.431
TNS   : 0.000

Type  : Fast 1100mV 0C Model Removal 'clock'
Slack : 0.308
TNS   : 0.000

Type  : Fast 1100mV 0C Model Minimum Pulse Width 'clock'
Slack : -0.100
TNS   : -3.029

------------------------------------------------------------
