------------------------------------------------------------
TimeQuest Timing Analyzer Summary
------------------------------------------------------------

Type  : Slow 1100mV 85C Model Setup 'clock'
Slack : -0.909
TNS   : -13.965

Type  : Slow 1100mV 85C Model Hold 'clock'
Slack : 0.324
TNS   : 0.000

Type  : Slow 1100mV 85C Model Recovery 'clock'
Slack : -0.209
TNS   : -1.417

Type  : Slow 1100mV 85C Model Removal 'clock'
Slack : 0.671
TNS   : 0.000

Type  : Slow 1100mV 85C Model Minimum Pulse Width 'clock'
Slack : -0.538
TNS   : -17.946

Type  : Slow 1100mV 0C Model Setup 'clock'
Slack : -0.770
TNS   : -12.330

Type  : Slow 1100mV 0C Model Hold 'clock'
Slack : 0.308
TNS   : 0.000

Type  : Slow 1100mV 0C Model Recovery 'clock'
Slack : -0.151
TNS   : -1.011

Type  : Slow 1100mV 0C Model Removal 'clock'
Slack : 0.641
TNS   : 0.000

Type  : Slow 1100mV 0C Model Minimum Pulse Width 'clock'
Slack : -0.538
TNS   : -18.044

Type  : Fast 1100mV 85C Model Setup 'clock'
Slack : 0.122
TNS   : 0.000

Type  : Fast 1100mV 85C Model Hold 'clock'
Slack : 0.161
TNS   : 0.000

Type  : Fast 1100mV 85C Model Recovery 'clock'
Slack : 0.458
TNS   : 0.000

Type  : Fast 1100mV 85C Model Removal 'clock'
Slack : 0.295
TNS   : 0.000

Type  : Fast 1100mV 85C Model Minimum Pulse Width 'clock'
Slack : -0.093
TNS   : -2.088

Type  : Fast 1100mV 0C Model Setup 'clock'
Slack : 0.211
TNS   : 0.000

Type  : Fast 1100mV 0C Model Hold 'clock'
Slack : 0.148
TNS   : 0.000

Type  : Fast 1100mV 0C Model Recovery 'clock'
Slack : 0.503
TNS   : 0.000

Type  : Fast 1100mV 0C Model Removal 'clock'
Slack : 0.270
TNS   : 0.000

Type  : Fast 1100mV 0C Model Minimum Pulse Width 'clock'
Slack : -0.095
TNS   : -2.149

------------------------------------------------------------
